[2m19:36:27[22m [34m[@astrojs/node][39m Enabling sessions with filesystem storage
[2m19:36:27[22m [34m[types][39m Generated [2m53ms[22m
[2m19:36:27[22m [34m[build][39m output: [34m"static"[39m
[2m19:36:27[22m [34m[build][39m mode: [34m"server"[39m
[2m19:36:27[22m [34m[build][39m directory: [34mC:\Users\Murilo vieira\Documents\projetos\mestre-ferramentas - V2\dist\[39m
[2m19:36:27[22m [34m[build][39m adapter: [32m@astrojs/node[39m
[2m19:36:27[22m [34m[build][39m Collecting build info...
[2m19:36:27[22m [34m[build][39m [32mÔ£ô Completed in 89ms.[39m
[2m19:36:27[22m [34m[build][39m Building server entrypoints...
[2m19:36:30[22m [34m[vite][39m [32mÔ£ô built in 2.64s[39m
node.exe : 
[31m[1m19:36:31[22m 
[ERROR] [vite][39m 
[31mÔ£ù[39m Build 
failed in 1.36s
No C:\Program 
Files\nodejs\npx.ps1:29 
caractere:3
+   & $NODE_EXE 
$NPX_CLI_JS $args
+   ~~~~~~~~~~~~~~~~~~~~~~
~~~~~~~
    + CategoryInfo        
      : NotSpecified: (  
  [31m[1m19:36:...fail   
 ed in 1.36s:String) [    
], RemoteException
    + FullyQualifiedError 
   Id : NativeCommandErr  
  or
 
node_modules/@astrojs/node
/dist/serve-app.js 
(5:39): "getAbortControlle
rCleanup" is not exported 
by "node_modules/astro/dis
t/core/app/entrypoints/nod
e.js", imported by "node_m
odules/@astrojs/node/dist/
serve-app.js".
file: C:/Users/Murilo viei
ra/Documents/projetos/mest
re-ferramentas - V2/node_m
odules/@astrojs/node/dist/
serve-app.js:5:39

3: import path from 
"node:path";
4: import { Readable } 
from "node:stream";
5: import { 
createRequest, 
writeResponse, 
getAbortControllerCleanup 
} from "astro/app/node";
                          
                ^
6: import { 
resolveClientDir } from 
"./shared.js";
7: async function readErro
rPageFromDisk(client, 
status) {

  [1mLocation:[22m
    [4mC:/Users/Murilo vi
eira/Documents/projetos/me
stre-ferramentas - V2/node
_modules/@astrojs/node/dis
t/serve-app.js:5:39[24m
  [1mStack trace:[22m
[2m    at getRollupError 
(file:///C:/Users/Murilo%2
0vieira/Documents/projetos
/mestre-ferramentas%20-%20
V2/node_modules/rollup/dis
t/es/shared/parseAst.js:40
2:41)
    at Module.error (file:
///C:/Users/Murilo%20vieir
a/Documents/projetos/mestr
e-ferramentas%20-%20V2/nod
e_modules/rollup/dist/es/s
hared/node-entry.js:17040:
16)
    at 
ModuleScope.findVariable (
file:///C:/Users/Murilo%20
vieira/Documents/projetos/
mestre-ferramentas%20-%20V
2/node_modules/rollup/dist
/es/shared/node-entry.js:1
5070:39)
    at FunctionBodyScope.f
indVariable (file:///C:/Us
ers/Murilo%20vieira/Docume
nts/projetos/mestre-ferram
entas%20-%20V2/node_module
s/rollup/dist/es/shared/no
de-entry.js:5673:38)
    at FunctionBodyScope.f
indVariable (file:///C:/Us
ers/Murilo%20vieira/Docume
nts/projetos/mestre-ferram
entas%20-%20V2/node_module
s/rollup/dist/es/shared/no
de-entry.js:5673:38)[22m
